// Jest Snapshot v1, https://goo.gl/fbAQLP

exports[`rendering of the DatasetContainer checks if various text fields are visible 1`] = `
<DocumentFragment>
  <header
    class="usa-header usa-header--basic"
    data-testid="header"
    role="banner"
  >
    <div>
      <div>
        <strong>
          This is an unofficial copy of the CEJST Tool.
        </strong>
          We are working on an overhaul, but in the meantime some links and text may incorrectly suggest that this site is affiliated with the US Government.
      </div>
    </div>
    <div
      class="grid-container-desktop-lg"
      data-testid="gridContainer"
    >
      <div
        class="grid-row"
        data-testid="grid"
      >
        <div
          class="grid-col-1"
          data-testid="grid"
        >
          <a
            data-cy="nav-link-explore-the-map"
            href="/en/"
          >
            <img
              alt="Climate and Economic Justice Screening Tool"
              src="test-file-stub"
            />
          </a>
        </div>
        <div
          class="grid-col-6"
          data-testid="grid"
        >
          <a
            class="remove-link-style"
            data-cy="nav-link-explore-the-map"
            href="/en/"
          >
            <div>
              Climate and Economic Justice Screening Tool
            </div>
          </a>
        </div>
        <div
          class="grid-col-fill"
          data-testid="grid"
        >
          <button
            class="usa-menu-btn"
            data-testid="navMenuButton"
            type="button"
          >
            Menu
          </button>
          <nav
            class="usa-nav"
          >
            <button
              class="usa-nav__close"
              data-testid="navCloseButton"
              type="button"
            >
              <img
                alt="close"
                src="data:image/svg+xml;base64,PD94bWwgdmVyc2lvbj0iMS4wIiBlbmNvZGluZz0iVVRGLTgiPz48c3ZnIHhtbG5zPSJodHRwOi8vd3d3LnczLm9yZy8yMDAwL3N2ZyIgd2lkdGg9IjY0IiBoZWlnaHQ9IjY0IiB2aWV3Qm94PSIwIDAgNjQgNjQiPjx0aXRsZT5jbG9zZTwvdGl0bGU+PHBhdGggZmlsbD0iIzU2NUM2NSIgZmlsbC1ydWxlPSJldmVub2RkIiBkPSJNNTcuMDQyIDEuMTVsNS44MDkgNS44MDhhNCA0IDAgMCAxIDAgNS42NTdMNDMuNDY1IDMybDE5LjM4NiAxOS4zODVhNCA0IDAgMCAxIDAgNS42NTdsLTUuODA5IDUuODA5YTQgNCAwIDAgMS01LjY1NyAwTDMyIDQzLjQ2NSAxMi42MTUgNjIuODUxYTQgNCAwIDAgMS01LjY1NyAwbC01LjgwOS01LjgwOWE0IDQgMCAwIDEgMC01LjY1N0wyMC41MzUgMzIgMS4xNDkgMTIuNjE1YTQgNCAwIDAgMSAwLTUuNjU3bDUuODA5LTUuODA5YTQgNCAwIDAgMSA1LjY1NyAwTDMyIDIwLjUzNSA1MS4zODUgMS4xNDlhNCA0IDAgMCAxIDUuNjU3IDB6Ii8+PC9zdmc+"
              />
            </button>
            <ul
              class="usa-nav__primary usa-accordion"
            >
              <li
                class="usa-nav__primary-item"
              >
                <a
                  data-cy="nav-link-explore-the-map"
                  href="/en/"
                >
                  Explore the map
                </a>
              </li>
              <li
                class="usa-nav__primary-item"
              >
                <button
                  aria-controls="methMenu"
                  aria-expanded="false"
                  class="usa-accordion__button usa-nav__link"
                  data-cy="nav-dropdown-methodology"
                  data-testid="navDropDownButton"
                  type="button"
                >
                  <span>
                    Methodology & data
                  </span>
                </button>
                <ul
                  class="usa-nav__submenu"
                  hidden=""
                  id="methMenu"
                >
                  <li
                    class="usa-nav__submenu-item"
                  >
                    <a
                      data-cy="nav-link-methodology"
                      href="/en/methodology"
                    >
                      Methodology & data
                    </a>
                  </li>
                  <li
                    class="usa-nav__submenu-item"
                  >
                    <a
                      data-cy="nav-link-downloads"
                      href="/en/downloads"
                    >
                      Downloads
                    </a>
                  </li>
                  <li
                    class="usa-nav__submenu-item"
                  >
                    <a
                      data-cy="nav-link-previous-versions"
                      href="/en/previous-versions"
                    >
                      Previous versions
                    </a>
                  </li>
                </ul>
              </li>
              <li
                class="usa-nav__primary-item"
              >
                <button
                  aria-controls="aboutMenu"
                  aria-expanded="false"
                  class="usa-accordion__button usa-nav__link"
                  data-cy="nav-dropdown-about"
                  data-testid="navDropDownButton"
                  type="button"
                >
                  <span>
                    About
                  </span>
                </button>
                <ul
                  class="usa-nav__submenu"
                  hidden=""
                  id="aboutMenu"
                >
                  <li
                    class="usa-nav__submenu-item"
                  >
                    <a
                      data-cy="nav-link-about"
                      href="/en/about"
                    >
                      About
                    </a>
                  </li>
                  <li
                    class="usa-nav__submenu-item"
                  >
                    <a
                      data-cy="nav-link-faqs"
                      href="/en/frequently-asked-questions"
                    >
                      Frequently asked questions
                    </a>
                  </li>
                </ul>
              </li>
              <li
                class="usa-nav__primary-item"
              >
                <div>
                  <div>
                    <img
                      alt="language icon for selecting language"
                      src="test-file-stub"
                    />
                    <a
                      class="usa-link"
                      href="#"
                    >
                      English
                    </a>
                    <a
                      class="usa-link"
                      href="#"
                    >
                      Español
                    </a>
                  </div>
                </div>
              </li>
            </ul>
          </nav>
        </div>
      </div>
    </div>
    <div
      class="grid-container-desktop-lg"
      data-testid="gridContainer"
    />
  </header>
  <main
    id="main-content"
  >
    <div
      class="grid-container-desktop-lg"
      data-testid="gridContainer"
    >
      <section
        class="page-heading"
      >
        <h1>
          Downloads
        </h1>
      </section>
      <div
        class="grid-row grid-gap j40-mb5-mt3"
        data-testid="grid"
      >
        <div
          class="grid-col-12 tablet:grid-col-8"
          data-testid="grid"
        >
          <h2
            class="j40-mt-0 j40-mb-3"
          >
            Version 2.0 file formats
          </h2>
          <section>
            <div>
              <span>
                View 
                <a
                  aria-controls="releaseUpdate-panel"
                  class="usa-link"
                  href="javascript:void(0)"
                  id="releaseUpdate-header"
                  tabindex="0"
                >
                  release notes
                </a>
                <img
                  alt="expand icon"
                  src="test-file-stub"
                />
              </span>
              <section
                aria-labelledby="releaseUpdate-header"
                hidden=""
                id="releaseUpdate-panel"
              >
                <div>
                  <div>
                    <div>
                      Version 2.0 Release update - Dec 20, 2024
                    </div>
                    <div>
                      New & Improved
                    </div>
                    <div>
                      <ul>
                        <li>
                          Added the low income burden to American Samoa, Guam, the Mariana Islands, and the U.S. Virgin
        Islands
                        </li>
                        <li>
                          Tracts in these territories that are completely surrounded by disadvantaged tracts and exceed
        an adjusted low income threshold are now considered disadvantaged
                        </li>
                        <li>
                          Additionally, census tracts in these four Territories are now considered disadvantaged if they
        meet the low income threshold only, because these Territories are not included in the nationally-consistent
        datasets on environmental and climate burdens used in the tool
                        </li>
                        <li>
                          Updated the data in the workforce development category to the Census Decennial 2020 data for
        the U.S. territories of Guam, Virgin Islands, Northern Mariana Islands, and American Samoa
                        </li>
                        <li>
                          Made improvements to the low income burden to better identify college students before they are
        excluded from that burden’s percentile
                        </li>
                        <li>
                          Census tracts that were disadvantaged under version 1.0 continue to be considered as
        disadvantaged in version 2.0
                        </li>
                      </ul>
                    </div>
                    <div>
                      Technical Fixes
                    </div>
                    <div>
                      <ul>
                        <li>
                          For tracts that have water boundaries, e.g. coastal or island tracts, the water boundaries are
        now excluded from the calculation to determine if a tract is 100% surrounded by disadvantaged census tracts
                        </li>
                      </ul>
                    </div>
                    <div>
                      User Interface Improvements
                    </div>
                    <div>
                      <ul>
                        <li>
                          Added the ability to search by census tract ID
                        </li>
                        <li>
                          The basemap has been updated to use a free, open source map
                        </li>
                      </ul>
                    </div>
                  </div>
                </div>
              </section>
            </div>
          </section>
          <p>
            
        
            <a
              class="usa-link"
              download=""
              href="//"
            >
              Communities list data
            </a>
            <img
              alt="The icon used to indicate that the file is downloadable"
              src="test-file-stub"
            />
             (.xlsx 35.6MB)
        
          </p>
          <p>
            <a
              class="usa-link"
              download=""
              href="//"
            >
              Communities list data
            </a>
            <img
              alt="The icon used to indicate that the file is downloadable"
              src="test-file-stub"
            />
             (.csv 42MB)
          </p>
          <p>
            <a
              class="usa-link"
              download=""
              href="//"
            >
              Shapefile
            </a>
            <img
              alt="The icon used to indicate that the file is downloadable"
              src="test-file-stub"
            />
             (Codebook included with shapefile 356.8MB unzipped)
          </p>
          <p>
            <a
              class="usa-link usa-link--external"
              data-cy=""
              href="//"
              rel="noreferrer"
              target="_blank"
            >
              Technical support document
            </a>
             (.pdf 79kB)
          </p>
        </div>
        <div
          class="grid-col-12 tablet:grid-col-1"
          data-testid="grid"
        />
      </div>
    </div>
  </main>
  <footer
    class="j40-footer"
  >
    <div
      class="usa-footer__primary-section pb2"
      data-cy="footer-primary-block"
    >
      <div
        class="grid-container-desktop-lg"
        data-testid="gridContainer"
      >
        <div
          class="grid-row tablet-lg:grid-col4"
        >
          <div
            class="mobile-lg:grid-col-12 desktop:grid-col-4"
          >
            <section>
              <div
                class="j40-h4"
              >
                Want to contribute?
              </div>
              <ul
                class="usa-list usa-list--unstyled"
              >
                <li
                  class="usa-footer__secondary-link"
                >
                  <a
                    class="usa-link usa-link--external footer-link-first-child"
                    data-cy="check-out-the-code-on-github"
                    href="https://github.com/edgi-govdata-archiving/j40-cejst-2"
                    rel="noreferrer"
                    target="_blank"
                  >
                    Check out the code on GitHub
                  </a>
                   
                  <span
                    class="usa-tag  "
                    data-testid="tag"
                  >
                    New Location
                  </span>
                </li>
              </ul>
            </section>
          </div>
        </div>
      </div>
    </div>
  </footer>
</DocumentFragment>
`;
